[1004.091024399] 2019-08-13 11:35:54,041 - INFO - launcher: Starting sanity checks
[1041.070222855] 2019-08-13 11:35:54,078 - INFO - launcher: Checking for Python 3.5+
[1048.065900803] 2019-08-13 11:35:54,085 - INFO - launcher: Checking console encoding
[1049.065351486] 2019-08-13 11:35:54,086 - INFO - launcher: Setting console encoding to UTF-8
[1050.064802170] 2019-08-13 11:35:54,087 - INFO - launcher: Ensuring we're in the right environment
[1067.055702209] 2019-08-13 11:35:54,104 - INFO - launcher: Adding local bins/ folder to path
[7582.289218903] 2019-08-13 11:36:00,619 - INFO - launcher: Required checks passed.
[7584.288358688] 2019-08-13 11:36:00,621 - INFO - launcher: Optional checks passed.
[7602.277517319] 2019-08-13 11:36:00,639 - INFO - launcher: Moving old musicbot log

######################### PRE-RUN SANITY CHECKS PASSED #########################

[19.4838418960571289] 2019-08-13 11:36:12,520 - WARNING - musicbot.config | In config.py::MainThread(4156), line 120 in run_checks: i18n file does not exist. Trying to fallback to config/i18n/en.json.
[19.4838418960571289] 2019-08-13 11:36:12,520 - INFO - musicbot.config | In config.py::MainThread(4156), line 131 in run_checks: Using i18n: config/i18n/en.json
[19.5038306713104248] 2019-08-13 11:36:12,540 - DEBUG - musicbot.bot | In bot.py::MainThread(4156), line 226 in _setup_logging: Set logging level to INFO
[19.5408108234405518] 2019-08-13 11:36:12,577 - DEBUG - musicbot.json | In json.py::MainThread(4156), line 8 in __init__: Init JSON obj with config/i18n/en.json
[19.7892510890960693] 2019-08-13 11:36:12,826 - INFO - musicbot.bot | In bot.py::MainThread(4156), line 91 in __init__: Starting MusicBot release-120519
[19.7912511825561523] 2019-08-13 11:36:12,828 - INFO - musicbot.bot | In bot.py::MainThread(4156), line 97 in __init__: Loaded autoplaylist with 2531 entries
[24.4482367038726807] 2019-08-13 11:36:17,485 - DEBUG - musicbot.bot | In bot.py::MainThread(4156), line 949 in on_ready: Connection established, ready to go.
[24.4492354393005371] 2019-08-13 11:36:17,486 - DEBUG - musicbot.bot | In bot.py::MainThread(4156), line 340 in _cache_app_info: Caching app info
[24.6291413307189941] 2019-08-13 11:36:17,666 - DEBUG - musicbot.bot | In bot.py::MainThread(4156), line 771 in _scheck_ensure_env: Ensuring data folders exist
[24.6831049919128418] 2019-08-13 11:36:17,720 - DEBUG - musicbot.bot | In bot.py::MainThread(4156), line 787 in _scheck_server_permissions: Checking server permissions
[24.6831049919128418] 2019-08-13 11:36:17,720 - DEBUG - musicbot.bot | In bot.py::MainThread(4156), line 791 in _scheck_autoplaylist: Auditing autoplaylist
[24.6831049919128418] 2019-08-13 11:36:17,720 - DEBUG - musicbot.bot | In bot.py::MainThread(4156), line 795 in _scheck_configs: Validating config
[24.6841013431549072] 2019-08-13 11:36:17,721 - DEBUG - musicbot.config | In config.py::MainThread(4156), line 228 in async_validate: Validating options...
[24.6841013431549072] 2019-08-13 11:36:17,721 - DEBUG - musicbot.bot | In bot.py::MainThread(4156), line 798 in _scheck_configs: Validating permissions config
[24.6841013431549072] 2019-08-13 11:36:17,721 - DEBUG - musicbot.permissions | In permissions.py::MainThread(4156), line 94 in async_validate: Validating permissions...
[24.6841013431549072] 2019-08-13 11:36:17,721 - INFO - musicbot.bot | In bot.py::MainThread(4156), line 966 in on_ready: Connected: 596863422805573632/AntMusic#8286
[24.6860997676849365] 2019-08-13 11:36:17,723 - INFO - musicbot.bot | In bot.py::MainThread(4156), line 974 in on_ready: Owner:     399325775200780300/Raresix#0020

[24.6871013641357422] 2019-08-13 11:36:17,724 - INFO - musicbot.bot | In bot.py::MainThread(4156), line 977 in on_ready: Guild List:
[24.6871013641357422] 2019-08-13 11:36:17,724 - INFO - musicbot.bot | In bot.py::MainThread(4156), line 981 in on_ready:  - AntNetwork Community
[24.6880996227264404] 2019-08-13 11:36:17,725 - INFO - musicbot.bot | In bot.py::MainThread(4156), line 1024 in on_ready: Bound to text channels:
[24.6880996227264404] 2019-08-13 11:36:17,725 - INFO - musicbot.bot | In bot.py::MainThread(4156), line 1025 in <listcomp>:  - AntNetwork Community/bot-commands
[24.6890993118286133] 2019-08-13 11:36:17,726 - INFO - musicbot.bot | In bot.py::MainThread(4156), line 1050 in on_ready: Autojoining voice channels:
[24.6890993118286133] 2019-08-13 11:36:17,726 - INFO - musicbot.bot | In bot.py::MainThread(4156), line 1051 in <listcomp>:  - AntNetwork Community/ðŸŽ¶  |  Music
[24.7060887813568115] 2019-08-13 11:36:17,743 - INFO - musicbot.bot | In bot.py::MainThread(4156), line 279 in _join_startup_channels: Attempting to join AntNetwork Community/ðŸŽ¶  |  Music
[25.1868121623992920] 2019-08-13 11:36:18,223 - DEBUG - musicbot.bot | In bot.py::MainThread(4156), line 731 in deserialize_queue: Deserializing queue for 501799014950371340
[26.2159159183502197] 2019-08-13 11:36:19,252 - DEBUG - musicbot.bot | In bot.py::MainThread(4156), line 423 in get_player: Created player via deserialization for guild 501799014950371340 with 1 entries
[26.2159159183502197] 2019-08-13 11:36:19,252 - INFO - musicbot.bot | In bot.py::MainThread(4156), line 295 in _join_startup_channels: Joined AntNetwork Community/ðŸŽ¶  |  Music
[26.2179145812988281] 2019-08-13 11:36:19,254 - DEBUG - musicbot.entry | In entry.py::MainThread(4156), line 56 in get_ready_future: Created future for audio_cache\youtube-yVj8DogtbVY-TobyMac_-_Scars_Come_With_Livin.webm
[26.2179145812988281] 2019-08-13 11:36:19,254 - FFMPEG - musicbot.player | In player.py::MainThread(4156), line 290 in _play: Creating player with options: -nostdin -vn audio_cache\youtube-yVj8DogtbVY-TobyMac_-_Scars_Come_With_Livin.webm
[29.2348208427429199] 2019-08-13 11:36:22,271 - DEBUG - musicbot.player | In player.py::MainThread(4156), line 303 in _play: Playing <musicbot.player.SourcePlaybackCounter object at 0x0000028F653C5080> using <discord.voice_client.VoiceClient object at 0x0000028F6514B860>
[29.2368192672729492] 2019-08-13 11:36:22,273 - DEBUG - musicbot.bot | In bot.py::MainThread(4156), line 458 in on_player_play: Running on_player_play
[29.2378194332122803] 2019-08-13 11:36:22,274 - DEBUG - musicbot.bot | In bot.py::MainThread(4156), line 707 in serialize_queue: Serializing queue for 501799014950371340
[81.2062797546386719] 2019-08-13 11:37:14,243 - INFO - musicbot.bot | In bot.py::MainThread(4156), line 2680 in on_message: 399325775200780300/Raresix#0020: !help
[87.6710855960845947] 2019-08-13 11:37:20,708 - INFO - musicbot.bot | In bot.py::MainThread(4156), line 2680 in on_message: 399325775200780300/Raresix#0020: !skip
[87.7870194911956787] 2019-08-13 11:37:20,824 - DEBUG - musicbot.bot | In bot.py::MainThread(4156), line 534 in on_player_finished_playing: Running on_player_finished_playing
[87.9929029941558838] 2019-08-13 11:37:21,029 - DEBUG - musicbot.bot | In bot.py::MainThread(4156), line 707 in serialize_queue: Serializing queue for 501799014950371340
[88.0258808135986328] 2019-08-13 11:37:21,062 - DEBUG - musicbot.bot | In bot.py::MainThread(4156), line 530 in on_player_stop: Running on_player_stop
[91.0861279964447021] 2019-08-13 11:37:24,123 - INFO - musicbot.bot | In bot.py::MainThread(4156), line 2680 in on_message: 399325775200780300/Raresix#0020: !play https://www.youtube.com/watch?v=4W_Br8ZFss8&list=PLejQw6e7TTjFO9CUED9K1y1t6UC7mZS7c&index=76
[112.0657403469085693] 2019-08-13 11:37:45,102 - INFO - musicbot.bot | In bot.py::MainThread(4156), line 2680 in on_message: 399325775200780300/Raresix#0020: !play https://www.youtube.com/watch?v=4W_Br8ZFss8&list=PLejQw6e7TTjFO9CUED9K1y1t6UC7mZS7c&index=76
[129.7744717597961426] 2019-08-13 11:38:02,811 - INFO - musicbot.bot | In bot.py::MainThread(4156), line 2680 in on_message: 399325775200780300/Raresix#0020: !play one hour nico nico nii
[191.1524350643157959] 2019-08-13 11:39:04,189 - ERROR - musicbot.bot | In bot.py::MainThread(4156), line 2809 in on_message: Error in play: CommandError: ERROR: This video is no longer available because the YouTube account associated with this video has been terminated.
Traceback (most recent call last):
  File "C:\Program Files (x86)\Microsoft Visual Studio\Shared\Python37_64\lib\site-packages\youtube_dl\YoutubeDL.py", line 796, in extract_info
    ie_result = ie.extract(url)
  File "C:\Program Files (x86)\Microsoft Visual Studio\Shared\Python37_64\lib\site-packages\youtube_dl\extractor\common.py", line 530, in extract
    ie_result = self._real_extract(url)
  File "C:\Program Files (x86)\Microsoft Visual Studio\Shared\Python37_64\lib\site-packages\youtube_dl\extractor\youtube.py", line 2097, in _real_extract
    raise ExtractorError(error_message, expected=True)
youtube_dl.utils.ExtractorError: This video is no longer available because the YouTube account associated with this video has been terminated.

During handling of the above exception, another exception occurred:

Traceback (most recent call last):
  File "C:\Users\CharlieR\Documents\GitHub\MusicBot\MusicBot\musicbot\bot.py", line 1399, in cmd_play
    info_process = await self.downloader.extract_info(player.playlist.loop, song_url, download=False)
  File "C:\Users\CharlieR\Documents\GitHub\MusicBot\MusicBot\musicbot\downloader.py", line 84, in extract_info
    return await loop.run_in_executor(self.thread_pool, functools.partial(self.unsafe_ytdl.extract_info, *args, **kwargs))
  File "C:\Program Files (x86)\Microsoft Visual Studio\Shared\Python37_64\lib\concurrent\futures\thread.py", line 57, in run
    result = self.fn(*self.args, **self.kwargs)
  File "C:\Program Files (x86)\Microsoft Visual Studio\Shared\Python37_64\lib\site-packages\youtube_dl\YoutubeDL.py", line 807, in extract_info
    return self.process_ie_result(ie_result, download, extra_info)
  File "C:\Program Files (x86)\Microsoft Visual Studio\Shared\Python37_64\lib\site-packages\youtube_dl\YoutubeDL.py", line 1006, in process_ie_result
    extra_info=extra)
  File "C:\Program Files (x86)\Microsoft Visual Studio\Shared\Python37_64\lib\site-packages\youtube_dl\YoutubeDL.py", line 868, in process_ie_result
    extra_info=extra_info)
  File "C:\Program Files (x86)\Microsoft Visual Studio\Shared\Python37_64\lib\site-packages\youtube_dl\YoutubeDL.py", line 819, in extract_info
    self.report_error(compat_str(e), e.format_traceback())
  File "C:\Program Files (x86)\Microsoft Visual Studio\Shared\Python37_64\lib\site-packages\youtube_dl\YoutubeDL.py", line 624, in report_error
    self.trouble(error_message, tb)
  File "C:\Program Files (x86)\Microsoft Visual Studio\Shared\Python37_64\lib\site-packages\youtube_dl\YoutubeDL.py", line 594, in trouble
    raise DownloadError(message, exc_info)
youtube_dl.utils.DownloadError: ERROR: This video is no longer available because the YouTube account associated with this video has been terminated.

During handling of the above exception, another exception occurred:

Traceback (most recent call last):
  File "C:\Users\CharlieR\Documents\GitHub\MusicBot\MusicBot\musicbot\bot.py", line 2787, in on_message
    response = await handler(**handler_kwargs)
  File "C:\Users\CharlieR\Documents\GitHub\MusicBot\MusicBot\musicbot\bot.py", line 1418, in cmd_play
    raise exceptions.CommandError(e, expire_in=30)
musicbot.exceptions.CommandError: ERROR: This video is no longer available because the YouTube account associated with this video has been terminated.
[213.9705569744110107] 2019-08-13 11:39:27,007 - INFO - musicbot.bot | In bot.py::MainThread(4156), line 2680 in on_message: 399325775200780300/Raresix#0020: !play https://www.youtube.com/watch?v=4W_Br8ZFss8&list=PLejQw6e7TTjFO9CUED9K1y1t6UC7mZS7c&index=76
[221.7590675354003906] 2019-08-13 11:39:34,796 - DEBUG - musicbot.bot | In bot.py::MainThread(4156), line 855 in safe_delete_message: Cannot delete message "!play https://www.youtube.com/watch?v=4W_Br8ZFss8&list=PLejQw6e7TTjFO9CUED9K1y1t6UC7mZS7c&index=76", message not found
[265.3191702365875244] 2019-08-13 11:40:18,356 - INFO - musicbot.bot | In bot.py::MainThread(4156), line 2680 in on_message: 399325775200780300/Raresix#0020: !Play https://www.youtube.com/watch?v=3oD8tj3eBls
[279.7209961414337158] 2019-08-13 11:40:32,757 - ERROR - musicbot.bot | In bot.py::MainThread(4156), line 2809 in on_message: Error in play: CommandError: ERROR: This video is no longer available because the YouTube account associated with this video has been terminated.
Traceback (most recent call last):
  File "C:\Program Files (x86)\Microsoft Visual Studio\Shared\Python37_64\lib\site-packages\youtube_dl\YoutubeDL.py", line 796, in extract_info
    ie_result = ie.extract(url)
  File "C:\Program Files (x86)\Microsoft Visual Studio\Shared\Python37_64\lib\site-packages\youtube_dl\extractor\common.py", line 530, in extract
    ie_result = self._real_extract(url)
  File "C:\Program Files (x86)\Microsoft Visual Studio\Shared\Python37_64\lib\site-packages\youtube_dl\extractor\youtube.py", line 2097, in _real_extract
    raise ExtractorError(error_message, expected=True)
youtube_dl.utils.ExtractorError: This video is no longer available because the YouTube account associated with this video has been terminated.

During handling of the above exception, another exception occurred:

Traceback (most recent call last):
  File "C:\Users\CharlieR\Documents\GitHub\MusicBot\MusicBot\musicbot\bot.py", line 1399, in cmd_play
    info_process = await self.downloader.extract_info(player.playlist.loop, song_url, download=False)
  File "C:\Users\CharlieR\Documents\GitHub\MusicBot\MusicBot\musicbot\downloader.py", line 84, in extract_info
    return await loop.run_in_executor(self.thread_pool, functools.partial(self.unsafe_ytdl.extract_info, *args, **kwargs))
  File "C:\Program Files (x86)\Microsoft Visual Studio\Shared\Python37_64\lib\concurrent\futures\thread.py", line 57, in run
    result = self.fn(*self.args, **self.kwargs)
  File "C:\Program Files (x86)\Microsoft Visual Studio\Shared\Python37_64\lib\site-packages\youtube_dl\YoutubeDL.py", line 807, in extract_info
    return self.process_ie_result(ie_result, download, extra_info)
  File "C:\Program Files (x86)\Microsoft Visual Studio\Shared\Python37_64\lib\site-packages\youtube_dl\YoutubeDL.py", line 1006, in process_ie_result
    extra_info=extra)
  File "C:\Program Files (x86)\Microsoft Visual Studio\Shared\Python37_64\lib\site-packages\youtube_dl\YoutubeDL.py", line 868, in process_ie_result
    extra_info=extra_info)
  File "C:\Program Files (x86)\Microsoft Visual Studio\Shared\Python37_64\lib\site-packages\youtube_dl\YoutubeDL.py", line 819, in extract_info
    self.report_error(compat_str(e), e.format_traceback())
  File "C:\Program Files (x86)\Microsoft Visual Studio\Shared\Python37_64\lib\site-packages\youtube_dl\YoutubeDL.py", line 624, in report_error
    self.trouble(error_message, tb)
  File "C:\Program Files (x86)\Microsoft Visual Studio\Shared\Python37_64\lib\site-packages\youtube_dl\YoutubeDL.py", line 594, in trouble
    raise DownloadError(message, exc_info)
youtube_dl.utils.DownloadError: ERROR: This video is no longer available because the YouTube account associated with this video has been terminated.

During handling of the above exception, another exception occurred:

Traceback (most recent call last):
  File "C:\Users\CharlieR\Documents\GitHub\MusicBot\MusicBot\musicbot\bot.py", line 2787, in on_message
    response = await handler(**handler_kwargs)
  File "C:\Users\CharlieR\Documents\GitHub\MusicBot\MusicBot\musicbot\bot.py", line 1418, in cmd_play
    raise exceptions.CommandError(e, expire_in=30)
musicbot.exceptions.CommandError: ERROR: This video is no longer available because the YouTube account associated with this video has been terminated.
[281.4541096687316895] 2019-08-13 11:40:34,491 - DEBUG - musicbot.bot | In bot.py::MainThread(4156), line 1400 in cmd_play: {'_type': 'url', 'url': 'ytsearch:one hour nico nico nii', 'ie_key': None, 'extractor': 'generic', 'webpage_url': 'one hour nico nico nii', 'webpage_url_basename': 'one hour nico nico nii', 'extractor_key': 'Generic'}
[285.0764546394348145] 2019-08-13 11:40:38,113 - DEBUG - musicbot.entry | In entry.py::MainThread(4156), line 56 in get_ready_future: Created future for None
[285.0784540176391602] 2019-08-13 11:40:38,115 - DEBUG - musicbot.bot | In bot.py::MainThread(4156), line 622 in on_player_entry_added: Running on_player_entry_added
[285.0784540176391602] 2019-08-13 11:40:38,115 - DEBUG - musicbot.bot | In bot.py::MainThread(4156), line 707 in serialize_queue: Serializing queue for 501799014950371340
[285.0974433422088623] 2019-08-13 11:40:38,134 - INFO - musicbot.entry | In entry.py::MainThread(4156), line 292 in _really_download: Download started: https://www.youtube.com/watch?v=4W_Br8ZFss8
[287.0765798091888428] 2019-08-13 11:40:40,113 - DEBUG - musicbot.entry | In entry.py::MainThread(4156), line 56 in get_ready_future: Created future for None
[297.0368125438690186] 2019-08-13 11:40:50,073 - INFO - musicbot.entry | In entry.py::MainThread(4156), line 302 in _really_download: Download complete: https://www.youtube.com/watch?v=4W_Br8ZFss8
[297.0448091030120850] 2019-08-13 11:40:50,081 - FFMPEG - musicbot.player | In player.py::MainThread(4156), line 290 in _play: Creating player with options: -nostdin -vn audio_cache\youtube-4W_Br8ZFss8-_.webm
[297.0807874202728271] 2019-08-13 11:40:50,117 - DEBUG - musicbot.player | In player.py::MainThread(4156), line 303 in _play: Playing <musicbot.player.SourcePlaybackCounter object at 0x0000028F653DB358> using <discord.voice_client.VoiceClient object at 0x0000028F6514B860>
[297.0837862491607666] 2019-08-13 11:40:50,120 - DEBUG - musicbot.bot | In bot.py::MainThread(4156), line 458 in on_player_play: Running on_player_play
[297.0857853889465332] 2019-08-13 11:40:50,122 - DEBUG - musicbot.bot | In bot.py::MainThread(4156), line 707 in serialize_queue: Serializing queue for 501799014950371340
[310.0391898155212402] 2019-08-13 11:41:03,076 - DEBUG - musicbot.bot | In bot.py::MainThread(4156), line 855 in safe_delete_message: Cannot delete message "!play https://www.youtube.com/watch?v=4W_Br8ZFss8&list=PLejQw6e7TTjFO9CUED9K1y1t6UC7mZS7c&index=76", message not found
[318.7620978355407715] 2019-08-13 11:41:11,799 - INFO - musicbot.bot | In bot.py::MainThread(4156), line 2680 in on_message: 399325775200780300/Raresix#0020: !help
[368.0742347240447998] 2019-08-13 11:42:01,111 - ERROR - musicbot.bot | In bot.py::MainThread(4156), line 2809 in on_message: Error in play: CommandError: ERROR: This video is no longer available because the YouTube account associated with this video has been terminated.
Traceback (most recent call last):
  File "C:\Program Files (x86)\Microsoft Visual Studio\Shared\Python37_64\lib\site-packages\youtube_dl\YoutubeDL.py", line 796, in extract_info
    ie_result = ie.extract(url)
  File "C:\Program Files (x86)\Microsoft Visual Studio\Shared\Python37_64\lib\site-packages\youtube_dl\extractor\common.py", line 530, in extract
    ie_result = self._real_extract(url)
  File "C:\Program Files (x86)\Microsoft Visual Studio\Shared\Python37_64\lib\site-packages\youtube_dl\extractor\youtube.py", line 2097, in _real_extract
    raise ExtractorError(error_message, expected=True)
youtube_dl.utils.ExtractorError: This video is no longer available because the YouTube account associated with this video has been terminated.

During handling of the above exception, another exception occurred:

Traceback (most recent call last):
  File "C:\Users\CharlieR\Documents\GitHub\MusicBot\MusicBot\musicbot\bot.py", line 1399, in cmd_play
    info_process = await self.downloader.extract_info(player.playlist.loop, song_url, download=False)
  File "C:\Users\CharlieR\Documents\GitHub\MusicBot\MusicBot\musicbot\downloader.py", line 84, in extract_info
    return await loop.run_in_executor(self.thread_pool, functools.partial(self.unsafe_ytdl.extract_info, *args, **kwargs))
  File "C:\Program Files (x86)\Microsoft Visual Studio\Shared\Python37_64\lib\concurrent\futures\thread.py", line 57, in run
    result = self.fn(*self.args, **self.kwargs)
  File "C:\Program Files (x86)\Microsoft Visual Studio\Shared\Python37_64\lib\site-packages\youtube_dl\YoutubeDL.py", line 807, in extract_info
    return self.process_ie_result(ie_result, download, extra_info)
  File "C:\Program Files (x86)\Microsoft Visual Studio\Shared\Python37_64\lib\site-packages\youtube_dl\YoutubeDL.py", line 1006, in process_ie_result
    extra_info=extra)
  File "C:\Program Files (x86)\Microsoft Visual Studio\Shared\Python37_64\lib\site-packages\youtube_dl\YoutubeDL.py", line 868, in process_ie_result
    extra_info=extra_info)
  File "C:\Program Files (x86)\Microsoft Visual Studio\Shared\Python37_64\lib\site-packages\youtube_dl\YoutubeDL.py", line 819, in extract_info
    self.report_error(compat_str(e), e.format_traceback())
  File "C:\Program Files (x86)\Microsoft Visual Studio\Shared\Python37_64\lib\site-packages\youtube_dl\YoutubeDL.py", line 624, in report_error
    self.trouble(error_message, tb)
  File "C:\Program Files (x86)\Microsoft Visual Studio\Shared\Python37_64\lib\site-packages\youtube_dl\YoutubeDL.py", line 594, in trouble
    raise DownloadError(message, exc_info)
youtube_dl.utils.DownloadError: ERROR: This video is no longer available because the YouTube account associated with this video has been terminated.

During handling of the above exception, another exception occurred:

Traceback (most recent call last):
  File "C:\Users\CharlieR\Documents\GitHub\MusicBot\MusicBot\musicbot\bot.py", line 2787, in on_message
    response = await handler(**handler_kwargs)
  File "C:\Users\CharlieR\Documents\GitHub\MusicBot\MusicBot\musicbot\bot.py", line 1418, in cmd_play
    raise exceptions.CommandError(e, expire_in=30)
musicbot.exceptions.CommandError: ERROR: This video is no longer available because the YouTube account associated with this video has been terminated.
[370.1926426887512207] 2019-08-13 11:42:03,229 - DEBUG - musicbot.bot | In bot.py::MainThread(4156), line 1400 in cmd_play: {'id': '3oD8tj3eBls', 'uploader': 'Catalina EstefanÃ­a PastriÃ¡n PastriÃ¡n', 'uploader_id': 'Jonaselbk', 'uploader_url': 'http://www.youtube.com/user/Jonaselbk', 'channel_id': 'UCmTB46pPKvb-58RUYrpuV0A', 'channel_url': 'http://www.youtube.com/channel/UCmTB46pPKvb-58RUYrpuV0A', 'upload_date': '20170531', 'license': None, 'creator': None, 'title': '_', 'alt_title': None, 'thumbnail': 'https://i.ytimg.com/vi/3oD8tj3eBls/maxresdefault.jpg', 'description': 'Anime: Love Live School Idol Project\nNico Yazawa\nKawaii ^^\nCute', 'categories': ['People & Blogs'], 'tags': ['Nico Kawaii Yazawa Nico Nico Nii Cute Adorable Tierna Nii'], 'subtitles': {}, 'automatic_captions': {}, 'duration': 106, 'age_limit': 0, 'annotations': None, 'chapters': None, 'webpage_url': 'https://www.youtube.com/watch?v=3oD8tj3eBls', 'view_count': 22386686, 'like_count': 473592, 'dislike_count': 17753, 'average_rating': 4.8554745, 'formats': [{'format_id': '249', 'url': 'https://r4---sn-p5qlsnz6.googlevideo.com/videoplayback?expire=1565732521&ei=SdpSXaLUDNmF2LYP__aO-A4&ip=73.212.68.6&id=o-AE7-AlcTgMxfq9AERZuuEPQgjzR28STVtZbrUVaq75jz&itag=249&source=youtube&requiressl=yes&mm=31%2C26&mn=sn-p5qlsnz6%2Csn-ab5l6nzs&ms=au%2Conr&mv=m&mvi=3&pl=15&initcwndbps=2172500&mime=audio%2Fwebm&gir=yes&clen=677977&dur=105.681&lmt=1540523711041254&mt=1565710849&fvip=3&keepalive=yes&c=WEB&txp=5511222&sparams=expire%2Cei%2Cip%2Cid%2Citag%2Csource%2Crequiressl%2Cmime%2Cgir%2Cclen%2Cdur%2Clmt&sig=ALgxI2wwRAIgeqs8rZg-gBW0ytNOK4gK_vnZkpsaPcfvuuq7ozxfLxICIF4pYnIRabPW0O_QAJEAplj-5fazZDAhi0ijo361KXfd&lsparams=mm%2Cmn%2Cms%2Cmv%2Cmvi%2Cpl%2Cinitcwndbps&lsig=AHylml4wRgIhANhoiAUCX2UFEqh6jqlWfkBAXxU0s_YupnxNvWEyecFZAiEArPmTIOsVWM_6qOcl12V4gvLN0ZtPp9ClPm1BhJ3biwE%3D&ratebypass=yes', 'player_url': '/yts/jsbin/player_ias-vfluLgj-p/en_US/base.js', 'ext': 'webm', 'format_note': 'DASH audio', 'acodec': 'opus', 'abr': 50, 'filesize': 677977, 'tbr': 56.423, 'quality': -1, 'vcodec': 'none', 'downloader_options': {'http_chunk_size': 10485760}}, {'format_id': '250', 'url': 'https://r4---sn-p5qlsnz6.googlevideo.com/videoplayback?expire=1565732521&ei=SdpSXaLUDNmF2LYP__aO-A4&ip=73.212.68.6&id=o-AE7-AlcTgMxfq9AERZuuEPQgjzR28STVtZbrUVaq75jz&itag=250&source=youtube&requiressl=yes&mm=31%2C26&mn=sn-p5qlsnz6%2Csn-ab5l6nzs&ms=au%2Conr&mv=m&mvi=3&pl=15&initcwndbps=2172500&mime=audio%2Fwebm&gir=yes&clen=869304&dur=105.681&lmt=1540523710001712&mt=1565710849&fvip=3&keepalive=yes&c=WEB&txp=5511222&sparams=expire%2Cei%2Cip%2Cid%2Citag%2Csource%2Crequiressl%2Cmime%2Cgir%2Cclen%2Cdur%2Clmt&sig=ALgxI2wwRAIgLwuaOwZRXX0sNS8rlDNOad0KHfwpDmzrH8lwBfwkyNYCIAV9UZxa12Do_wxJ7W4_3sL1VvhkwGtkj9StRmEQzVXS&lsparams=mm%2Cmn%2Cms%2Cmv%2Cmvi%2Cpl%2Cinitcwndbps&lsig=AHylml4wRgIhANhoiAUCX2UFEqh6jqlWfkBAXxU0s_YupnxNvWEyecFZAiEArPmTIOsVWM_6qOcl12V4gvLN0ZtPp9ClPm1BhJ3biwE%3D&ratebypass=yes', 'player_url': '/yts/jsbin/player_ias-vfluLgj-p/en_US/base.js', 'ext': 'webm', 'format_note': 'DASH audio', 'acodec': 'opus', 'abr': 70, 'filesize': 869304, 'tbr': 71.662, 'quality': -1, 'vcodec': 'none', 'downloader_options': {'http_chunk_size': 10485760}}, {'format_id': '140', 'url': 'https://r4---sn-p5qlsnz6.googlevideo.com/videoplayback?expire=1565732521&ei=SdpSXaLUDNmF2LYP__aO-A4&ip=73.212.68.6&id=o-AE7-AlcTgMxfq9AERZuuEPQgjzR28STVtZbrUVaq75jz&itag=140&source=youtube&requiressl=yes&mm=31%2C26&mn=sn-p5qlsnz6%2Csn-ab5l6nzs&ms=au%2Conr&mv=m&mvi=3&pl=15&initcwndbps=2172500&mime=audio%2Fmp4&gir=yes&clen=1711703&dur=105.720&lmt=1556921591873288&mt=1565710849&fvip=3&keepalive=yes&c=WEB&txp=5535432&sparams=expire%2Cei%2Cip%2Cid%2Citag%2Csource%2Crequiressl%2Cmime%2Cgir%2Cclen%2Cdur%2Clmt&sig=ALgxI2wwRQIgAcJVEizVf4NLzaYbhXWHVTkiPzFiDSAVncKU5QjOSrMCIQCOJk24GevYLJ7ngTRz4kLnVP0pII9zkNN2x7JWa7xm9Q%3D%3D&lsparams=mm%2Cmn%2Cms%2Cmv%2Cmvi%2Cpl%2Cinitcwndbps&lsig=AHylml4wRgIhANhoiAUCX2UFEqh6jqlWfkBAXxU0s_YupnxNvWEyecFZAiEArPmTIOsVWM_6qOcl12V4gvLN0ZtPp9ClPm1BhJ3biwE%3D&ratebypass=yes', 'player_url': '/yts/jsbin/player_ias-vfluLgj-p/en_US/base.js', 'ext': 'm4a', 'format_note': 'DASH audio', 'acodec': 'mp4a.40.2', 'abr': 128, 'container': 'm4a_dash', 'filesize': 1711703, 'tbr': 130.385, 'quality': -1, 'vcodec': 'none', 'downloader_options': {'http_chunk_size': 10485760}}, {'format_id': '251', 'url': 'https://r4---sn-p5qlsnz6.googlevideo.com/videoplayback?expire=1565732521&ei=SdpSXaLUDNmF2LYP__aO-A4&ip=73.212.68.6&id=o-AE7-AlcTgMxfq9AERZuuEPQgjzR28STVtZbrUVaq75jz&itag=251&source=youtube&requiressl=yes&mm=31%2C26&mn=sn-p5qlsnz6%2Csn-ab5l6nzs&ms=au%2Conr&mv=m&mvi=3&pl=15&initcwndbps=2172500&mime=audio%2Fwebm&gir=yes&clen=1634060&dur=105.681&lmt=1540523711545775&mt=1565710849&fvip=3&keepalive=yes&c=WEB&txp=5511222&sparams=expire%2Cei%2Cip%2Cid%2Citag%2Csource%2Crequiressl%2Cmime%2Cgir%2Cclen%2Cdur%2Clmt&sig=ALgxI2wwRgIhANx0cuPgvBHNx1Xx391lPRMuWrNDVCJcmphH-QKBoQCIAiEAwwJ1NtPM8t_HB1j7D_SjpoyaaQYML69Re9Z4xphXjCw%3D&lsparams=mm%2Cmn%2Cms%2Cmv%2Cmvi%2Cpl%2Cinitcwndbps&lsig=AHylml4wRgIhANhoiAUCX2UFEqh6jqlWfkBAXxU0s_YupnxNvWEyecFZAiEArPmTIOsVWM_6qOcl12V4gvLN0ZtPp9ClPm1BhJ3biwE%3D&ratebypass=yes', 'player_url': '/yts/jsbin/player_ias-vfluLgj-p/en_US/base.js', 'ext': 'webm', 'format_note': 'DASH audio', 'acodec': 'opus', 'abr': 160, 'filesize': 1634060, 'tbr': 131.828, 'quality': -1, 'vcodec': 'none', 'downloader_options': {'http_chunk_size': 10485760}}, {'format_id': '160', 'url': 'https://r4---sn-p5qlsnz6.googlevideo.com/videoplayback?expire=1565732521&ei=SdpSXaLUDNmF2LYP__aO-A4&ip=73.212.68.6&id=o-AE7-AlcTgMxfq9AERZuuEPQgjzR28STVtZbrUVaq75jz&itag=160&aitags=133%2C134%2C135%2C136%2C160%2C242%2C243%2C244%2C247%2C278&source=youtube&requiressl=yes&mm=31%2C26&mn=sn-p5qlsnz6%2Csn-ab5l6nzs&ms=au%2Conr&mv=m&mvi=3&pl=15&initcwndbps=2172500&mime=video%2Fmp4&gir=yes&clen=1382021&dur=105.640&lmt=1556922345771696&mt=1565710849&fvip=3&keepalive=yes&c=WEB&txp=5535432&sparams=expire%2Cei%2Cip%2Cid%2Caitags%2Csource%2Crequiressl%2Cmime%2Cgir%2Cclen%2Cdur%2Clmt&sig=ALgxI2wwRQIhAO-FVLt7JNWEzvO3sy0keWfDh5EIaM52BiQe5H-C-7HrAiBqnR4DQVGY9D0Ge9arBzyQhrCUN07em3gMC-gRSOf2dg%3D%3D&lsparams=mm%2Cmn%2Cms%2Cmv%2Cmvi%2Cpl%2Cinitcwndbps&lsig=AHylml4wRgIhANhoiAUCX2UFEqh6jqlWfkBAXxU0s_YupnxNvWEyecFZAiEArPmTIOsVWM_6qOcl12V4gvLN0ZtPp9ClPm1BhJ3biwE%3D&ratebypass=yes', 'player_url': '/yts/jsbin/player_ias-vfluLgj-p/en_US/base.js', 'ext': 'mp4', 'height': 144, 'format_note': '144p', 'vcodec': 'avc1.4d400c', 'filesize': 1382021, 'tbr': 110.573, 'width': 256, 'fps': 25, 'quality': -1, 'acodec': 'none', 'downloader_options': {'http_chunk_size': 10485760}}, {'format_id': '278', 'url': 'https://r4---sn-p5qlsnz6.googlevideo.com/videoplayback?expire=1565732521&ei=SdpSXaLUDNmF2LYP__aO-A4&ip=73.212.68.6&id=o-AE7-AlcTgMxfq9AERZuuEPQgjzR28STVtZbrUVaq75jz&itag=278&aitags=133%2C134%2C135%2C136%2C160%2C242%2C243%2C244%2C247%2C278&source=youtube&requiressl=yes&mm=31%2C26&mn=sn-p5qlsnz6%2Csn-ab5l6nzs&ms=au%2Conr&mv=m&mvi=3&pl=15&initcwndbps=2172500&mime=video%2Fwebm&gir=yes&clen=1260232&dur=105.640&lmt=1556922168640976&mt=1565710849&fvip=3&keepalive=yes&c=WEB&txp=5535432&sparams=expire%2Cei%2Cip%2Cid%2Caitags%2Csource%2Crequiressl%2Cmime%2Cgir%2Cclen%2Cdur%2Clmt&sig=ALgxI2wwRQIgf_mp0XsPVV_Kgl_CPXmOh5nuLIE3iZyTwbCcBIqOb9sCIQDL-HhrsqkZvJhApK7BxuPtxGeucNTcuEHGk6b_Xb8KXw%3D%3D&lsparams=mm%2Cmn%2Cms%2Cmv%2Cmvi%2Cpl%2Cinitcwndbps&lsig=AHylml4wRgIhANhoiAUCX2UFEqh6jqlWfkBAXxU0s_YupnxNvWEyecFZAiEArPmTIOsVWM_6qOcl12V4gvLN0ZtPp9ClPm1BhJ3biwE%3D&ratebypass=yes', 'player_url': '/yts/jsbin/player_ias-vfluLgj-p/en_US/base.js', 'ext': 'webm', 'height': 144, 'format_note': '144p', 'container': 'webm', 'vcodec': 'vp9', 'filesize': 1260232, 'tbr': 127.384, 'width': 256, 'fps': 25, 'quality': -1, 'acodec': 'none', 'downloader_options': {'http_chunk_size': 10485760}}, {'format_id': '242', 'url': 'https://r4---sn-p5qlsnz6.googlevideo.com/videoplayback?expire=1565732521&ei=SdpSXaLUDNmF2LYP__aO-A4&ip=73.212.68.6&id=o-AE7-AlcTgMxfq9AERZuuEPQgjzR28STVtZbrUVaq75jz&itag=242&aitags=133%2C134%2C135%2C136%2C160%2C242%2C243%2C244%2C247%2C278&source=youtube&requiressl=yes&mm=31%2C26&mn=sn-p5qlsnz6%2Csn-ab5l6nzs&ms=au%2Conr&mv=m&mvi=3&pl=15&initcwndbps=2172500&mime=video%2Fwebm&gir=yes&clen=2321875&dur=105.640&lmt=1556922173715546&mt=1565710849&fvip=3&keepalive=yes&c=WEB&txp=5535432&sparams=expire%2Cei%2Cip%2Cid%2Caitags%2Csource%2Crequiressl%2Cmime%2Cgir%2Cclen%2Cdur%2Clmt&sig=ALgxI2wwRQIhAORZm4-FloepAIEOFrdf3sUEhoGafla9IYz_5fAzYrYEAiBIAv8zTANAET2JyV-HLFrNTATitaGbgjLdjKB5RdF3xw%3D%3D&lsparams=mm%2Cmn%2Cms%2Cmv%2Cmvi%2Cpl%2Cinitcwndbps&lsig=AHylml4wRgIhANhoiAUCX2UFEqh6jqlWfkBAXxU0s_YupnxNvWEyecFZAiEArPmTIOsVWM_6qOcl12V4gvLN0ZtPp9ClPm1BhJ3biwE%3D&ratebypass=yes', 'player_url': '/yts/jsbin/player_ias-vfluLgj-p/en_US/base.js', 'ext': 'webm', 'height': 240, 'format_note': '240p', 'vcodec': 'vp9', 'filesize': 2321875, 'tbr': 220.687, 'width': 426, 'fps': 25, 'quality': -1, 'acodec': 'none', 'downloader_options': {'http_chunk_size': 10485760}}, {'format_id': '133', 'url': 'https://r4---sn-p5qlsnz6.googlevideo.com/videoplayback?expire=1565732521&ei=SdpSXaLUDNmF2LYP__aO-A4&ip=73.212.68.6&id=o-AE7-AlcTgMxfq9AERZuuEPQgjzR28STVtZbrUVaq75jz&itag=133&aitags=133%2C134%2C135%2C136%2C160%2C242%2C243%2C244%2C247%2C278&source=youtube&requiressl=yes&mm=31%2C26&mn=sn-p5qlsnz6%2Csn-ab5l6nzs&ms=au%2Conr&mv=m&mvi=3&pl=15&initcwndbps=2172500&mime=video%2Fmp4&gir=yes&clen=2950273&dur=105.640&lmt=1556922241781079&mt=1565710849&fvip=3&keepalive=yes&c=WEB&txp=5535432&sparams=expire%2Cei%2Cip%2Cid%2Caitags%2Csource%2Crequiressl%2Cmime%2Cgir%2Cclen%2Cdur%2Clmt&sig=ALgxI2wwRQIgYCfwUM2p2ZTWQWKGfl_9YTo10RfM7hhxEoUCzYGZpaoCIQDlohDHY5iepSFzay15wSAXDHlzX0siwiNBvuaIiaas1Q%3D%3D&lsparams=mm%2Cmn%2Cms%2Cmv%2Cmvi%2Cpl%2Cinitcwndbps&lsig=AHylml4wRgIhANhoiAUCX2UFEqh6jqlWfkBAXxU0s_YupnxNvWEyecFZAiEArPmTIOsVWM_6qOcl12V4gvLN0ZtPp9ClPm1BhJ3biwE%3D&ratebypass=yes', 'player_url': '/yts/jsbin/player_ias-vfluLgj-p/en_US/base.js', 'ext': 'mp4', 'height': 240, 'format_note': '240p', 'vcodec': 'avc1.4d4015', 'filesize': 2950273, 'tbr': 266.996, 'width': 426, 'fps': 25, 'quality': -1, 'acodec': 'none', 'downloader_options': {'http_chunk_size': 10485760}}, {'format_id': '243', 'url': 'https://r4---sn-p5qlsnz6.googlevideo.com/videoplayback?expire=1565732521&ei=SdpSXaLUDNmF2LYP__aO-A4&ip=73.212.68.6&id=o-AE7-AlcTgMxfq9AERZuuEPQgjzR28STVtZbrUVaq75jz&itag=243&aitags=133%2C134%2C135%2C136%2C160%2C242%2C243%2C244%2C247%2C278&source=youtube&requiressl=yes&mm=31%2C26&mn=sn-p5qlsnz6%2Csn-ab5l6nzs&ms=au%2Conr&mv=m&mvi=3&pl=15&initcwndbps=2172500&mime=video%2Fwebm&gir=yes&clen=4018190&dur=105.640&lmt=1556922185035591&mt=1565710849&fvip=3&keepalive=yes&c=WEB&txp=5535432&sparams=expire%2Cei%2Cip%2Cid%2Caitags%2Csource%2Crequiressl%2Cmime%2Cgir%2Cclen%2Cdur%2Clmt&sig=ALgxI2wwRQIhAL3EGVYMBKHEMWYmKq3sVbRidGnDJIy68LOENXQuzHT3AiA0TDMCOAsyOxlBFFx2jhtSz7uqXof740WfFe4TvxWR8w%3D%3D&lsparams=mm%2Cmn%2Cms%2Cmv%2Cmvi%2Cpl%2Cinitcwndbps&lsig=AHylml4wRgIhANhoiAUCX2UFEqh6jqlWfkBAXxU0s_YupnxNvWEyecFZAiEArPmTIOsVWM_6qOcl12V4gvLN0ZtPp9ClPm1BhJ3biwE%3D&ratebypass=yes', 'player_url': '/yts/jsbin/player_ias-vfluLgj-p/en_US/base.js', 'ext': 'webm', 'height': 360, 'format_note': '360p', 'vcodec': 'vp9', 'filesize': 4018190, 'tbr': 412.212, 'width': 640, 'fps': 25, 'quality': -1, 'acodec': 'none', 'downloader_options': {'http_chunk_size': 10485760}}, {'format_id': '134', 'url': 'https://r4---sn-p5qlsnz6.googlevideo.com/videoplayback?expire=1565732521&ei=SdpSXaLUDNmF2LYP__aO-A4&ip=73.212.68.6&id=o-AE7-AlcTgMxfq9AERZuuEPQgjzR28STVtZbrUVaq75jz&itag=134&aitags=133%2C134%2C135%2C136%2C160%2C242%2C243%2C244%2C247%2C278&source=youtube&requiressl=yes&mm=31%2C26&mn=sn-p5qlsnz6%2Csn-ab5l6nzs&ms=au%2Conr&mv=m&mvi=3&pl=15&initcwndbps=2172500&mime=video%2Fmp4&gir=yes&clen=5344500&dur=105.640&lmt=1556922381905517&mt=1565710849&fvip=3&keepalive=yes&c=WEB&txp=5535432&sparams=expire%2Cei%2Cip%2Cid%2Caitags%2Csource%2Crequiressl%2Cmime%2Cgir%2Cclen%2Cdur%2Clmt&sig=ALgxI2wwRAIgUwy9okqRjKQw6zO4002Z80-NyyTGZPTEoANj17Gf71oCIDtxRPdozpkw6GoTWEmk14PbwliHjjfK2WaLC7xdP6wA&lsparams=mm%2Cmn%2Cms%2Cmv%2Cmvi%2Cpl%2Cinitcwndbps&lsig=AHylml4wRgIhANhoiAUCX2UFEqh6jqlWfkBAXxU0s_YupnxNvWEyecFZAiEArPmTIOsVWM_6qOcl12V4gvLN0ZtPp9ClPm1BhJ3biwE%3D&ratebypass=yes', 'player_url': '/yts/jsbin/player_ias-vfluLgj-p/en_US/base.js', 'ext': 'mp4', 'height': 360, 'format_note': '360p', 'vcodec': 'avc1.4d401e', 'filesize': 5344500, 'tbr': 462.36, 'width': 640, 'fps': 25, 'quality': -1, 'acodec': 'none', 'downloader_options': {'http_chunk_size': 10485760}}, {'format_id': '244', 'url': 'https://r4---sn-p5qlsnz6.googlevideo.com/videoplayback?expire=1565732521&ei=SdpSXaLUDNmF2LYP__aO-A4&ip=73.212.68.6&id=o-AE7-AlcTgMxfq9AERZuuEPQgjzR28STVtZbrUVaq75jz&itag=244&aitags=133%2C134%2C135%2C136%2C160%2C242%2C243%2C244%2C247%2C278&source=youtube&requiressl=yes&mm=31%2C26&mn=sn-p5qlsnz6%2Csn-ab5l6nzs&ms=au%2Conr&mv=m&mvi=3&pl=15&initcwndbps=2172500&mime=video%2Fwebm&gir=yes&clen=6738274&dur=105.640&lmt=1556922183721224&mt=1565710849&fvip=3&keepalive=yes&c=WEB&txp=5535432&sparams=expire%2Cei%2Cip%2Cid%2Caitags%2Csource%2Crequiressl%2Cmime%2Cgir%2Cclen%2Cdur%2Clmt&sig=ALgxI2wwRQIhALPhPirGmyZtwlAhF1QDxsUp4FKrdOLMo-on9N6KjmrAAiBrksw0wkxeabvrIoflCT42_F_qFzm5OSMH7vx-2jY6Mg%3D%3D&lsparams=mm%2Cmn%2Cms%2Cmv%2Cmvi%2Cpl%2Cinitcwndbps&lsig=AHylml4wRgIhANhoiAUCX2UFEqh6jqlWfkBAXxU0s_YupnxNvWEyecFZAiEArPmTIOsVWM_6qOcl12V4gvLN0ZtPp9ClPm1BhJ3biwE%3D&ratebypass=yes', 'player_url': '/yts/jsbin/player_ias-vfluLgj-p/en_US/base.js', 'ext': 'webm', 'height': 480, 'format_note': '480p', 'vcodec': 'vp9', 'filesize': 6738274, 'tbr': 684.237, 'width': 854, 'fps': 25, 'quality': -1, 'acodec': 'none', 'downloader_options': {'http_chunk_size': 10485760}}, {'format_id': '135', 'url': 'https://r4---sn-p5qlsnz6.googlevideo.com/videoplayback?expire=1565732521&ei=SdpSXaLUDNmF2LYP__aO-A4&ip=73.212.68.6&id=o-AE7-AlcTgMxfq9AERZuuEPQgjzR28STVtZbrUVaq75jz&itag=135&aitags=133%2C134%2C135%2C136%2C160%2C242%2C243%2C244%2C247%2C278&source=youtube&requiressl=yes&mm=31%2C26&mn=sn-p5qlsnz6%2Csn-ab5l6nzs&ms=au%2Conr&mv=m&mvi=3&pl=15&initcwndbps=2172500&mime=video%2Fmp4&gir=yes&clen=7702577&dur=105.640&lmt=1556922401638767&mt=1565710849&fvip=3&keepalive=yes&c=WEB&txp=5535432&sparams=expire%2Cei%2Cip%2Cid%2Caitags%2Csource%2Crequiressl%2Cmime%2Cgir%2Cclen%2Cdur%2Clmt&sig=ALgxI2wwRAIgZzWHimnnFZJE2GoDTFY6diM6vUPzB_6AZNHPssv2-0YCIH7Z2D7yBpMaJzbTwjfBwyVnxsMG9zerneqaBmPn5Hgy&lsparams=mm%2Cmn%2Cms%2Cmv%2Cmvi%2Cpl%2Cinitcwndbps&lsig=AHylml4wRgIhANhoiAUCX2UFEqh6jqlWfkBAXxU0s_YupnxNvWEyecFZAiEArPmTIOsVWM_6qOcl12V4gvLN0ZtPp9ClPm1BhJ3biwE%3D&ratebypass=yes', 'player_url': '/yts/jsbin/player_ias-vfluLgj-p/en_US/base.js', 'ext': 'mp4', 'height': 480, 'format_note': '480p', 'vcodec': 'avc1.4d401e', 'filesize': 7702577, 'tbr': 746.305, 'width': 854, 'fps': 25, 'quality': -1, 'acodec': 'none', 'downloader_options': {'http_chunk_size': 10485760}}, {'format_id': '136', 'url': 'https://r4---sn-p5qlsnz6.googlevideo.com/videoplayback?expire=1565732521&ei=SdpSXaLUDNmF2LYP__aO-A4&ip=73.212.68.6&id=o-AE7-AlcTgMxfq9AERZuuEPQgjzR28STVtZbrUVaq75jz&itag=136&aitags=133%2C134%2C135%2C136%2C160%2C242%2C243%2C244%2C247%2C278&source=youtube&requiressl=yes&mm=31%2C26&mn=sn-p5qlsnz6%2Csn-ab5l6nzs&ms=au%2Conr&mv=m&mvi=3&pl=15&initcwndbps=2172500&mime=video%2Fmp4&gir=yes&clen=10539636&dur=105.640&lmt=1556922472995308&mt=1565710849&fvip=3&keepalive=yes&c=WEB&txp=5535432&sparams=expire%2Cei%2Cip%2Cid%2Caitags%2Csource%2Crequiressl%2Cmime%2Cgir%2Cclen%2Cdur%2Clmt&sig=ALgxI2wwRgIhAKwGNCyRP4wqCBG7UvSH6SqjFUu2K_CMKB0DawL6H-PfAiEAzFXLpi09q4IfACoWH3IM95vOaZpWZ7tEpYKxelwg8cc%3D&lsparams=mm%2Cmn%2Cms%2Cmv%2Cmvi%2Cpl%2Cinitcwndbps&lsig=AHylml4wRgIhANhoiAUCX2UFEqh6jqlWfkBAXxU0s_YupnxNvWEyecFZAiEArPmTIOsVWM_6qOcl12V4gvLN0ZtPp9ClPm1BhJ3biwE%3D&ratebypass=yes', 'player_url': '/yts/jsbin/player_ias-vfluLgj-p/en_US/base.js', 'ext': 'mp4', 'height': 720, 'format_note': '720p', 'vcodec': 'avc1.4d401f', 'filesize': 10539636, 'tbr': 1039.534, 'width': 1280, 'fps': 25, 'quality': -1, 'acodec': 'none', 'downloader_options': {'http_chunk_size': 10485760}}, {'format_id': '247', 'url': 'https://r4---sn-p5qlsnz6.googlevideo.com/videoplayback?expire=1565732521&ei=SdpSXaLUDNmF2LYP__aO-A4&ip=73.212.68.6&id=o-AE7-AlcTgMxfq9AERZuuEPQgjzR28STVtZbrUVaq75jz&itag=247&aitags=133%2C134%2C135%2C136%2C160%2C242%2C243%2C244%2C247%2C278&source=youtube&requiressl=yes&mm=31%2C26&mn=sn-p5qlsnz6%2Csn-ab5l6nzs&ms=au%2Conr&mv=m&mvi=3&pl=15&initcwndbps=2172500&mime=video%2Fwebm&gir=yes&clen=11426000&dur=105.640&lmt=1556922313054332&mt=1565710849&fvip=3&keepalive=yes&c=WEB&txp=5535432&sparams=expire%2Cei%2Cip%2Cid%2Caitags%2Csource%2Crequiressl%2Cmime%2Cgir%2Cclen%2Cdur%2Clmt&sig=ALgxI2wwRAIgWsVI4D3gCLhOnU6DMafGHYhUyPcOqPjS9V46j0QT5P8CIAjJOMqvlWgk89QbCgfydBRfGIxvl3CNxP27dgLgyesq&lsparams=mm%2Cmn%2Cms%2Cmv%2Cmvi%2Cpl%2Cinitcwndbps&lsig=AHylml4wRgIhANhoiAUCX2UFEqh6jqlWfkBAXxU0s_YupnxNvWEyecFZAiEArPmTIOsVWM_6qOcl12V4gvLN0ZtPp9ClPm1BhJ3biwE%3D&ratebypass=yes', 'player_url': '/yts/jsbin/player_ias-vfluLgj-p/en_US/base.js', 'ext': 'webm', 'height': 720, 'format_note': '720p', 'vcodec': 'vp9', 'filesize': 11426000, 'tbr': 1172.252, 'width': 1280, 'fps': 25, 'quality': -1, 'acodec': 'none', 'downloader_options': {'http_chunk_size': 10485760}}, {'format_id': '43', 'url': 'https://r4---sn-p5qlsnz6.googlevideo.com/videoplayback?expire=1565732521&ei=SdpSXaLUDNmF2LYP__aO-A4&ip=73.212.68.6&id=o-AE7-AlcTgMxfq9AERZuuEPQgjzR28STVtZbrUVaq75jz&itag=43&source=youtube&requiressl=yes&mm=31%2C26&mn=sn-p5qlsnz6%2Csn-ab5l6nzs&ms=au%2Conr&mv=m&mvi=3&pl=15&initcwndbps=2172500&mime=video%2Fwebm&gir=yes&clen=9520377&ratebypass=yes&dur=0.000&lmt=1540523945624055&mt=1565710849&fvip=3&c=WEB&txp=5511222&sparams=expire%2Cei%2Cip%2Cid%2Citag%2Csource%2Crequiressl%2Cmime%2Cgir%2Cclen%2Cratebypass%2Cdur%2Clmt&sig=ALgxI2wwRgIhAMcRGjjetGaDo9iOFTa92AGmNsYxOtkcC3AeDBdSyBAxAiEA2x33cjdS979RZP47GKH2bLML7Df4bOcNLEwIQON0QMA%3D&lsparams=mm%2Cmn%2Cms%2Cmv%2Cmvi%2Cpl%2Cinitcwndbps&lsig=AHylml4wRgIhANhoiAUCX2UFEqh6jqlWfkBAXxU0s_YupnxNvWEyecFZAiEArPmTIOsVWM_6qOcl12V4gvLN0ZtPp9ClPm1BhJ3biwE%3D', 'player_url': '/yts/jsbin/player_ias-vfluLgj-p/en_US/base.js', 'ext': 'webm', 'width': 640, 'height': 360, 'acodec': 'vorbis', 'abr': 128, 'vcodec': 'vp8.0', 'asr': None, 'filesize': 9520377, 'format_note': 'medium', 'fps': None, 'quality': 1, 'tbr': None}, {'format_id': '18', 'url': 'https://r4---sn-p5qlsnz6.googlevideo.com/videoplayback?expire=1565732521&ei=SdpSXaLUDNmF2LYP__aO-A4&ip=73.212.68.6&id=o-AE7-AlcTgMxfq9AERZuuEPQgjzR28STVtZbrUVaq75jz&itag=18&source=youtube&requiressl=yes&mm=31%2C26&mn=sn-p5qlsnz6%2Csn-ab5l6nzs&ms=au%2Conr&mv=m&mvi=3&pl=15&initcwndbps=2172500&mime=video%2Fmp4&gir=yes&clen=9592839&ratebypass=yes&dur=105.720&lmt=1540521724618860&mt=1565710849&fvip=3&c=WEB&txp=5531432&sparams=expire%2Cei%2Cip%2Cid%2Citag%2Csource%2Crequiressl%2Cmime%2Cgir%2Cclen%2Cratebypass%2Cdur%2Clmt&sig=ALgxI2wwRgIhAOPAZk1HylLw-hk-264m0W0rbzzuA_8ec43SgdS2HiD8AiEAyIqMP9EPzDEAorPsi1gOK5uMSQtuKnS8umv9_zZmrAg%3D&lsparams=mm%2Cmn%2Cms%2Cmv%2Cmvi%2Cpl%2Cinitcwndbps&lsig=AHylml4wRgIhANhoiAUCX2UFEqh6jqlWfkBAXxU0s_YupnxNvWEyecFZAiEArPmTIOsVWM_6qOcl12V4gvLN0ZtPp9ClPm1BhJ3biwE%3D', 'player_url': '/yts/jsbin/player_ias-vfluLgj-p/en_US/base.js', 'ext': 'mp4', 'width': 640, 'height': 360, 'acodec': 'mp4a.40.2', 'abr': 96, 'vcodec': 'avc1.42001E', 'asr': 44100, 'filesize': 9592839, 'format_note': 'medium', 'fps': None, 'quality': 1, 'tbr': 725.905}, {'format_id': '22', 'url': 'https://r4---sn-p5qlsnz6.googlevideo.com/videoplayback?expire=1565732521&ei=SdpSXaLUDNmF2LYP__aO-A4&ip=73.212.68.6&id=o-AE7-AlcTgMxfq9AERZuuEPQgjzR28STVtZbrUVaq75jz&itag=22&source=youtube&requiressl=yes&mm=31%2C26&mn=sn-p5qlsnz6%2Csn-ab5l6nzs&ms=au%2Conr&mv=m&mvi=3&pl=15&initcwndbps=2172500&mime=video%2Fmp4&ratebypass=yes&dur=105.720&lmt=1556922482996763&mt=1565710849&fvip=3&c=WEB&txp=5535432&sparams=expire%2Cei%2Cip%2Cid%2Citag%2Csource%2Crequiressl%2Cmime%2Cratebypass%2Cdur%2Clmt&sig=ALgxI2wwRQIhANRWJrsVeyz8pF-b1hA1A79KNhmOlFrKV9sa0QuQTGkKAiAZtWaCvc0g0XWHiLowIJrwamJ4cs1NyT8kTnaJqMT4Wg%3D%3D&lsparams=mm%2Cmn%2Cms%2Cmv%2Cmvi%2Cpl%2Cinitcwndbps&lsig=AHylml4wRgIhANhoiAUCX2UFEqh6jqlWfkBAXxU0s_YupnxNvWEyecFZAiEArPmTIOsVWM_6qOcl12V4gvLN0ZtPp9ClPm1BhJ3biwE%3D', 'player_url': '/yts/jsbin/player_ias-vfluLgj-p/en_US/base.js', 'ext': 'mp4', 'width': 1280, 'height': 720, 'acodec': 'mp4a.40.2', 'abr': 192, 'vcodec': 'avc1.64001F', 'asr': 44100, 'filesize': None, 'format_note': 'hd720', 'fps': None, 'quality': 2, 'tbr': 927.271}], 'is_live': None, 'start_time': None, 'end_time': None, 'series': None, 'season_number': None, 'episode_number': None, 'track': None, 'artist': None, 'album': None, 'release_date': None, 'release_year': None, 'extractor': 'youtube', 'webpage_url_basename': 'watch', 'extractor_key': 'Youtube'}
[371.2183277606964111] 2019-08-13 11:42:04,255 - DEBUG - musicbot.entry | In entry.py::MainThread(4156), line 56 in get_ready_future: Created future for None
[371.2213263511657715] 2019-08-13 11:42:04,258 - DEBUG - musicbot.bot | In bot.py::MainThread(4156), line 622 in on_player_entry_added: Running on_player_entry_added
[371.2213263511657715] 2019-08-13 11:42:04,258 - DEBUG - musicbot.bot | In bot.py::MainThread(4156), line 707 in serialize_queue: Serializing queue for 501799014950371340
[371.2313206195831299] 2019-08-13 11:42:04,268 - INFO - musicbot.entry | In entry.py::MainThread(4156), line 292 in _really_download: Download started: https://www.youtube.com/watch?v=3oD8tj3eBls
[372.7957744598388672] 2019-08-13 11:42:05,832 - INFO - musicbot.entry | In entry.py::MainThread(4156), line 302 in _really_download: Download complete: https://www.youtube.com/watch?v=3oD8tj3eBls
[398.6170306205749512] 2019-08-13 11:42:31,654 - DEBUG - musicbot.bot | In bot.py::MainThread(4156), line 855 in safe_delete_message: Cannot delete message "!play https://www.youtube.com/watch?v=4W_Br8ZFss8&list=PLejQw6e7TTjFO9CUED9K1y1t6UC7mZS7c&index=76", message not found
[3479.9511618614196777] 2019-08-13 12:33:52,988 - INFO - musicbot.bot | In bot.py::MainThread(4156), line 2901 in on_voice_state_update: Pausing in AntNetwork Community/ðŸŽ¶  |  Music (empty channel)
[3479.9531605243682861] 2019-08-13 12:33:52,990 - DEBUG - musicbot.bot | In bot.py::MainThread(4156), line 525 in on_player_pause: Running on_player_pause
[6581.5772171020507812] 2019-08-13 13:25:34,614 - INFO - musicbot.bot | In bot.py::MainThread(4156), line 2912 in on_voice_state_update: Unpausing in AntNetwork Community/ðŸŽ¶  |  Music
[6582.0139672756195068] 2019-08-13 13:25:35,050 - DEBUG - musicbot.bot | In bot.py::MainThread(4156), line 521 in on_player_resume: Running on_player_resume
[7037.2251393795013428] 2019-08-13 13:33:10,262 - DEBUG - musicbot.bot | In bot.py::MainThread(4156), line 534 in on_player_finished_playing: Running on_player_finished_playing
[7038.6256003379821777] 2019-08-13 13:33:11,662 - DEBUG - musicbot.bot | In bot.py::MainThread(4156), line 707 in serialize_queue: Serializing queue for 501799014950371340
[7038.8244848251342773] 2019-08-13 13:33:11,861 - DEBUG - musicbot.entry | In entry.py::MainThread(4156), line 56 in get_ready_future: Created future for audio_cache\youtube-3oD8tj3eBls-_.webm
[7038.8254835605621338] 2019-08-13 13:33:11,862 - FFMPEG - musicbot.player | In player.py::MainThread(4156), line 290 in _play: Creating player with options: -nostdin -vn audio_cache\youtube-3oD8tj3eBls-_.webm
[7038.9823982715606689] 2019-08-13 13:33:12,019 - DEBUG - musicbot.player | In player.py::MainThread(4156), line 303 in _play: Playing <musicbot.player.SourcePlaybackCounter object at 0x0000028F65280E10> using <discord.voice_client.VoiceClient object at 0x0000028F6514B860>
[7038.9943869113922119] 2019-08-13 13:33:12,031 - DEBUG - musicbot.bot | In bot.py::MainThread(4156), line 458 in on_player_play: Running on_player_play
[7038.9943869113922119] 2019-08-13 13:33:12,031 - DEBUG - musicbot.bot | In bot.py::MainThread(4156), line 707 in serialize_queue: Serializing queue for 501799014950371340
[7144.6746656894683838] 2019-08-13 13:34:57,711 - DEBUG - musicbot.bot | In bot.py::MainThread(4156), line 534 in on_player_finished_playing: Running on_player_finished_playing
[7144.9245231151580811] 2019-08-13 13:34:57,961 - DEBUG - musicbot.bot | In bot.py::MainThread(4156), line 707 in serialize_queue: Serializing queue for 501799014950371340
[7144.9365165233612061] 2019-08-13 13:34:57,973 - DEBUG - musicbot.bot | In bot.py::MainThread(4156), line 530 in on_player_stop: Running on_player_stop
[10770.5692641735076904] 2019-08-13 14:35:23,606 - INFO - musicbot.bot | In bot.py::MainThread(4156), line 940 in on_resumed: 
Reconnected to discord.

[28145.9097366333007812] 2019-08-13 19:24:58,946 - INFO - musicbot.bot | In bot.py::MainThread(4156), line 2680 in on_message: 399325775200780300/Raresix#0020: !help
[28253.2482895851135254] 2019-08-13 19:26:46,285 - INFO - musicbot.bot | In bot.py::MainThread(4156), line 2680 in on_message: 399325775200780300/Raresix#0020: !help
